<area shape="rect" id="node1" href="Ieee80211ManagementFrame.html" title="Packet Ieee80211ManagementFrame" alt="" coords="1075,83,1269,111">
<area shape="rect" id="node4" href="Ieee80211AssociationRequestFrame.html" title="Packet Ieee80211AssociationRequestFrame" alt="" coords="5,161,240,189">
<area shape="rect" id="node6" href="Ieee80211AssociationResponseFrame.html" title="Packet Ieee80211AssociationResponseFrame" alt="" coords="264,161,509,189">
<area shape="rect" id="node8" href="Ieee80211AuthenticationFrame.html" title="Packet Ieee80211AuthenticationFrame" alt="" coords="533,161,736,189">
<area shape="rect" id="node10" href="Ieee80211BeaconFrame.html" title="Packet Ieee80211BeaconFrame" alt="" coords="760,161,923,189">
<area shape="rect" id="node12" href="Ieee80211DeauthenticationFrame.html" title="Packet Ieee80211DeauthenticationFrame" alt="" coords="947,161,1163,189">
<area shape="rect" id="node14" href="Ieee80211DisassociationFrame.html" title="Packet Ieee80211DisassociationFrame" alt="" coords="1187,161,1392,189">
<area shape="rect" id="node16" href="Ieee80211ProbeRequestFrame.html" title="Packet Ieee80211ProbeRequestFrame" alt="" coords="1416,161,1619,189">
<area shape="rect" id="node18" href="Ieee80211ProbeResponseFrame.html" title="Packet Ieee80211ProbeResponseFrame" alt="" coords="1643,161,1853,189">
<area shape="rect" id="node20" href="Ieee80211ReassociationRequestFrame.html" title="Packet Ieee80211ReassociationRequestFrame" alt="" coords="1877,161,2128,189">
<area shape="rect" id="node22" href="Ieee80211ReassociationResponseFrame.html" title="Packet Ieee80211ReassociationResponseFrame" alt="" coords="2152,161,2413,189">
<area shape="rect" id="node2" href="Ieee80211DataOrMgmtFrame.html" title="Packet Ieee80211DataOrMgmtFrame" alt="" coords="1075,6,1269,34">
