<area shape="rect" id="node1" href="inet.linklayer.ieee80211.Ieee80211NicAP.html" title="Compound Module Ieee80211NicAP" alt="" coords="227,83,347,111">
<area shape="rect" id="node2" href="inet.linklayer.ieee80211.mgmt.Ieee80211MgmtAP.html" title="Simple Module Ieee80211MgmtAP" alt="" coords="5,161,139,189">
<area shape="rect" id="node4" href="inet.linklayer.radio.Ieee80211Radio.html" title="Simple Module Ieee80211Radio" alt="" coords="163,161,277,189">
<area shape="rect" id="node6" href="inet.linklayer.ieee80211.mac.Ieee80211Mac.html" title="Simple Module Ieee80211Mac" alt="" coords="301,161,408,189">
<area shape="rect" id="node8" href="ned.IdealChannel.html" title="Channel IdealChannel" alt="" coords="432,161,531,189">
<area shape="rect" id="node10" href="inet.nodes.wireless.WirelessAP.html" title="Compound Module WirelessAP" alt="" coords="172,6,263,34">
<area shape="rect" id="node12" href="inet.nodes.wireless.WirelessAPWithEth.html" title="Compound Module WirelessAPWithEth" alt="" coords="287,6,425,34">
