<area shape="rect" id="node1" href="inet.nodes.ipv6.StandardHost6.html" title="Compound Module StandardHost6" alt="" coords="580,83,689,111">
<area shape="rect" id="node2" href="inet.linklayer.ppp.PPPInterface.html" title="Compound Module PPPInterface" alt="" coords="5,161,104,189">
<area shape="rect" id="node4" href="inet.applications.pingapp.PingApp.html" title="Simple Module PingApp" alt="" coords="128,161,200,189">
<area shape="rect" id="node6" href="inet.transport.udp.UDP.html" title="Simple Module UDP" alt="" coords="224,161,296,189">
<area shape="rect" id="node8" href="inet.applications.udpapp.UDPApp.html" title="Module Interface UDPApp" alt="" coords="320,161,395,189">
<area shape="rect" id="node10" href="inet.transport.tcp.ITCP.html" title="Module Interface ITCP" alt="" coords="419,161,491,189">
<area shape="rect" id="node12" href="inet.nodes.ipv6.NetworkLayer6.html" title="Compound Module NetworkLayer6" alt="" coords="515,161,624,189">
<area shape="rect" id="node14" href="inet.networklayer.ipv6.RoutingTable6.html" title="Simple Module RoutingTable6" alt="" coords="648,161,755,189">
<area shape="rect" id="node16" href="inet.base.NotificationBoard.html" title="Simple Module NotificationBoard" alt="" coords="779,161,901,189">
<area shape="rect" id="node18" href="ned.IdealChannel.html" title="Channel IdealChannel" alt="" coords="925,161,1024,189">
<area shape="rect" id="node20" href="inet.linklayer.ethernet.EthernetInterface.html" title="Compound Module EthernetInterface" alt="" coords="1048,161,1171,189">
<area shape="rect" id="node22" href="inet.applications.tcpapp.TCPApp.html" title="Module Interface TCPApp" alt="" coords="1195,161,1267,189">
<area shape="rect" id="node24" href="inet.networklayer.common.InterfaceTable.html" title="Simple Module InterfaceTable" alt="" coords="1291,161,1395,189">
<area shape="rect" id="node26" href="inet.examples.ipv6.ipv6bulk.BulkTransfer6.html" title="Network BulkTransfer6" alt="" coords="313,6,415,34">
<area shape="rect" id="node28" href="inet.examples.ipv6.demonetworketh.DemoNetworkEth.html" title="Network DemoNetworkEth" alt="" coords="439,6,564,34">
<area shape="rect" id="node30" href="inet.examples.ipv6.nclients.NClientsEth.html" title="Network NClientsEth" alt="" coords="588,6,681,34">
<area shape="rect" id="node33" href="inet.examples.ipv6.nclients.NClientsPPP.html" title="Network NClientsPPP" alt="" coords="705,6,804,34">
