<area shape="rect" id="node1" href="inet.mobility.NullMobility.html" title="Simple Module NullMobility" alt="" coords="441,83,532,111">
<area shape="rect" id="node2" href="inet.examples.wireless.throughput.ThroughputClient.html" title="Compound Module ThroughputClient" alt="" coords="5,6,125,34">
<area shape="rect" id="node4" href="inet.examples.wireless.hosttohost.ThroughputServer.html" title="Compound Module ThroughputServer" alt="" coords="149,6,275,34">
<area shape="rect" id="node6" href="inet.nodes.wireless.WirelessAP.html" title="Compound Module WirelessAP" alt="" coords="299,6,389,34">
<area shape="rect" id="node8" href="inet.nodes.wireless.WirelessAPSimplified.html" title="Compound Module WirelessAPSimplified" alt="" coords="413,6,560,34">
<area shape="rect" id="node10" href="inet.nodes.wireless.WirelessAPWithEth.html" title="Compound Module WirelessAPWithEth" alt="" coords="584,6,723,34">
<area shape="rect" id="node12" href="inet.nodes.wireless.WirelessAPWithEthSimplified.html" title="Compound Module WirelessAPWithEthSimplified" alt="" coords="747,6,941,34">
<area shape="rect" id="node14" href="inet.examples.wireless.throughput.WirelessAPWithSink.html" title="Compound Module WirelessAPWithSink" alt="" coords="965,6,1109,34">
