<area shape="rect" id="node1" href="inet.nodes.inet.Router.html" title="Compound Module Router" alt="" coords="667,83,739,111">
<area shape="rect" id="node2" href="inet.linklayer.ppp.PPPInterface.html" title="Compound Module PPPInterface" alt="" coords="237,161,336,189">
<area shape="rect" id="node4" href="inet.base.NotificationBoard.html" title="Simple Module NotificationBoard" alt="" coords="360,161,483,189">
<area shape="rect" id="node6" href="inet.linklayer.ethernet.EthernetInterface.html" title="Compound Module EthernetInterface" alt="" coords="507,161,629,189">
<area shape="rect" id="node8" href="inet.networklayer.ipv4.RoutingTable.html" title="Simple Module RoutingTable" alt="" coords="653,161,752,189">
<area shape="rect" id="node10" href="inet.nodes.inet.NetworkLayer.html" title="Compound Module NetworkLayer" alt="" coords="776,161,877,189">
<area shape="rect" id="node12" href="inet.networklayer.common.InterfaceTable.html" title="Simple Module InterfaceTable" alt="" coords="901,161,1005,189">
<area shape="rect" id="node14" href="inet.util.NAMTraceWriter.html" title="Simple Module NAMTraceWriter" alt="" coords="1029,161,1149,189">
<area shape="rect" id="node16" href="inet.examples.ethernet.arptest2.ARPTest.html" title="Network ARPTest" alt="" coords="5,6,80,34">
<area shape="rect" id="node19" href="inet.examples.inet.bulktransfer.BulkTransfer.html" title="Network BulkTransfer" alt="" coords="104,6,200,34">
<area shape="rect" id="node21" href="inet.examples.inet.flatnet.FlatNet.html" title="Network FlatNet" alt="" coords="224,6,296,34">
<area shape="rect" id="node23" href="inet.examples.inet.kidsnw1.KIDSNw1.html" title="Network KIDSNw1" alt="" coords="320,6,400,34">
<area shape="rect" id="node25" href="inet.examples.sctp.multihomed.multi.html" title="Network multi" alt="" coords="424,6,496,34">
<area shape="rect" id="node27" href="inet.examples.inet.multicast.MulticastNetwork.html" title="Network MulticastNetwork" alt="" coords="520,6,643,34">
<area shape="rect" id="node29" href="inet.examples.sctp.nclients.NClients.html" title="Network NClients" alt="" coords="667,6,739,34">
<area shape="rect" id="node32" href="inet.examples.inet.nclients.NClients2.html" title="Network NClients2" alt="" coords="763,6,843,34">
<area shape="rect" id="node34" href="inet.examples.inet.redtest.REDTest.html" title="Network REDTest" alt="" coords="867,6,944,34">
<area shape="rect" id="node36" href="inet.examples.inet.redtest.REDTestDebug.html" title="Network REDTestDebug" alt="" coords="968,6,1083,34">
<area shape="rect" id="node38" href="inet.examples.inet.redtest.REDTestTh.html" title="Network REDTestTh" alt="" coords="1107,6,1197,34">
<area shape="rect" id="node40" href="inet.examples.inet.routerperf.RouterPerfNetwork.html" title="Network RouterPerfNetwork" alt="" coords="1221,6,1355,34">
<area shape="rect" id="node42" href="inet.examples.rtp.multicast1.RTPMulticast1.html" title="Network RTPMulticast1" alt="" coords="1379,6,1488,34">
<area shape="rect" id="node44" href="inet.examples.inet.tcpsack.tcpsack.html" title="Network tcpsack" alt="" coords="1512,6,1584,34">
<area shape="rect" id="node46" href="inet.examples.emulation.traceroute.Traceroute.html" title="Network Traceroute" alt="" coords="1608,6,1691,34">
