<area shape="rect" id="node1" href="inet.nodes.ethernet.EtherHost.html" title="Compound Module EtherHost" alt="" coords="407,83,487,111">
<area shape="rect" id="node2" href="inet.applications.ethernet.EtherAppCli.html" title="Simple Module EtherAppCli" alt="" coords="163,161,253,189">
<area shape="rect" id="node4" href="inet.applications.ethernet.EtherAppSrv.html" title="Simple Module EtherAppSrv" alt="" coords="277,161,373,189">
<area shape="rect" id="node6" href="ned.IdealChannel.html" title="Channel IdealChannel" alt="" coords="397,161,496,189">
<area shape="rect" id="node8" href="inet.linklayer.ethernet.EtherLLC.html" title="Simple Module EtherLLC" alt="" coords="520,161,597,189">
<area shape="rect" id="node10" href="inet.linklayer.ethernet.EtherMAC.html" title="Simple Module EtherMAC" alt="" coords="621,161,704,189">
<area shape="rect" id="node12" href="inet.examples.ethernet.lans.BusLAN.html" title="Network BusLAN" alt="" coords="5,6,77,34">
<area shape="rect" id="node14" href="inet.examples.ethernet.lans.HubLAN.html" title="Network HubLAN" alt="" coords="101,6,173,34">
<area shape="rect" id="node16" href="inet.examples.ethernet.lans.LargeLAN.html" title="Compound Module LargeLAN" alt="" coords="197,6,277,34">
<area shape="rect" id="node18" href="inet.examples.ethernet.lans.LargeNet.html" title="Network LargeNet" alt="" coords="301,6,376,34">
<area shape="rect" id="node20" href="inet.examples.ethernet.lans.MediumLAN.html" title="Compound Module MediumLAN" alt="" coords="400,6,493,34">
<area shape="rect" id="node22" href="inet.examples.ethernet.lans.MixedLAN.html" title="Network MixedLAN" alt="" coords="517,6,600,34">
<area shape="rect" id="node24" href="inet.examples.ethernet.lans.SmallLAN.html" title="Compound Module SmallLAN" alt="" coords="624,6,704,34">
<area shape="rect" id="node26" href="inet.examples.ethernet.lans.SwitchedLAN.html" title="Network SwitchedLAN" alt="" coords="728,6,829,34">
<area shape="rect" id="node28" href="inet.examples.ethernet.lans.TwoHosts.html" title="Network TwoHosts" alt="" coords="853,6,936,34">
