<area shape="rect" id="node1" href="inet.mobility.BasicMobility.html" title="Module Interface BasicMobility" alt="" coords="649,6,748,34">
<area shape="rect" id="node2" href="inet.mobility.ANSimMobility.html" title="Simple Module ANSimMobility" alt="" coords="5,83,115,111">
<area shape="rect" id="node4" href="inet.mobility.BonnMotionMobility.html" title="Simple Module BonnMotionMobility" alt="" coords="139,83,275,111">
<area shape="rect" id="node6" href="inet.mobility.CircleMobility.html" title="Simple Module CircleMobility" alt="" coords="299,83,400,111">
<area shape="rect" id="node8" href="inet.mobility.ConstSpeedMobility.html" title="Simple Module ConstSpeedMobility" alt="" coords="424,83,563,111">
<area shape="rect" id="node10" href="inet.mobility.LinearMobility.html" title="Simple Module LinearMobility" alt="" coords="587,83,688,111">
<area shape="rect" id="node12" href="inet.mobility.MassMobility.html" title="Simple Module MassMobility" alt="" coords="712,83,811,111">
<area shape="rect" id="node14" href="inet.mobility.NullMobility.html" title="Simple Module NullMobility" alt="" coords="835,83,925,111">
<area shape="rect" id="node16" href="inet.mobility.RandomWPMobility.html" title="Simple Module RandomWPMobility" alt="" coords="949,83,1088,111">
<area shape="rect" id="node18" href="inet.mobility.RectangleMobility.html" title="Simple Module RectangleMobility" alt="" coords="1112,83,1237,111">
<area shape="rect" id="node20" href="inet.mobility.TurtleMobility.html" title="Simple Module TurtleMobility" alt="" coords="1261,83,1360,111">
