<area shape="rect" id="node1" href="inet.networklayer.common.InterfaceTable.html" title="Simple Module InterfaceTable" alt="" coords="973,83,1077,111">
<area shape="rect" id="node2" href="inet.nodes.inet.BurstHost.html" title="Compound Module BurstHost" alt="" coords="5,6,85,34">
<area shape="rect" id="node4" href="inet.nodes.inet.ExtRouter.html" title="Compound Module ExtRouter" alt="" coords="109,6,189,34">
<area shape="rect" id="node6" href="inet.nodes.mpls.LDP_LSR.html" title="Compound Module LDP_LSR" alt="" coords="213,6,293,34">
<area shape="rect" id="node8" href="inet.nodes.adhoc.MFMobileHost.html" title="Compound Module MFMobileHost" alt="" coords="317,6,424,34">
<area shape="rect" id="node10" href="inet.nodes.adhoc.MobileHost.html" title="Compound Module MobileHost" alt="" coords="448,6,536,34">
<area shape="rect" id="node12" href="inet.nodes.inet.OSPFRouter.html" title="Compound Module OSPFRouter" alt="" coords="560,6,656,34">
<area shape="rect" id="node14" href="inet.nodes.inet.Router.html" title="Compound Module Router" alt="" coords="680,6,752,34">
<area shape="rect" id="node16" href="inet.nodes.ipv6.Router6.html" title="Compound Module Router6" alt="" coords="776,6,848,34">
<area shape="rect" id="node18" href="inet.nodes.mpls.RSVP_LSR.html" title="Compound Module RSVP_LSR" alt="" coords="872,6,963,34">
<area shape="rect" id="node20" href="inet.transport.rtp.RTPHost.html" title="Compound Module RTPHost" alt="" coords="987,6,1064,34">
<area shape="rect" id="node22" href="inet.nodes.inet.StandardHost.html" title="Compound Module StandardHost" alt="" coords="1088,6,1189,34">
<area shape="rect" id="node24" href="inet.nodes.ipv6.StandardHost6.html" title="Compound Module StandardHost6" alt="" coords="1213,6,1323,34">
<area shape="rect" id="node26" href="inet.nodes.inet.StandardHostWithDLDuplicatesGenerator.html" title="Compound Module StandardHostWithDLDuplicatesGenerator" alt="" coords="1347,6,1611,34">
<area shape="rect" id="node28" href="inet.nodes.inet.StandardHostWithDLThruputMeter.html" title="Compound Module StandardHostWithDLThruputMeter" alt="" coords="1635,6,1856,34">
<area shape="rect" id="node30" href="inet.nodes.inet.StandardHostWithULDropsGenerator.html" title="Compound Module StandardHostWithULDropsGenerator" alt="" coords="1880,6,2117,34">
<area shape="rect" id="node32" href="inet.nodes.inet.StandardHostWithULThruputMeter.html" title="Compound Module StandardHostWithULThruputMeter" alt="" coords="2141,6,2363,34">
<area shape="rect" id="node34" href="inet.nodes.inet.TCPSpoofingHost.html" title="Compound Module TCPSpoofingHost" alt="" coords="2387,6,2515,34">
<area shape="rect" id="node36" href="inet.nodes.wireless.WirelessHost.html" title="Compound Module WirelessHost" alt="" coords="2539,6,2640,34">
<area shape="rect" id="node38" href="inet.nodes.wireless.WirelessHostSimplified.html" title="Compound Module WirelessHostSimplified" alt="" coords="2664,6,2821,34">
