<area shape="rect" id="node1" href="inet.nodes.ipv6.Router6.html" title="Compound Module Router6" alt="" coords="348,83,420,111">
<area shape="rect" id="node2" href="inet.linklayer.ppp.PPPInterface.html" title="Compound Module PPPInterface" alt="" coords="5,161,104,189">
<area shape="rect" id="node4" href="inet.nodes.ipv6.NetworkLayer6.html" title="Compound Module NetworkLayer6" alt="" coords="128,161,237,189">
<area shape="rect" id="node6" href="inet.networklayer.ipv6.RoutingTable6.html" title="Simple Module RoutingTable6" alt="" coords="261,161,368,189">
<area shape="rect" id="node8" href="inet.base.NotificationBoard.html" title="Simple Module NotificationBoard" alt="" coords="392,161,515,189">
<area shape="rect" id="node10" href="inet.linklayer.ethernet.EthernetInterface.html" title="Compound Module EthernetInterface" alt="" coords="539,161,661,189">
<area shape="rect" id="node12" href="inet.networklayer.common.InterfaceTable.html" title="Simple Module InterfaceTable" alt="" coords="685,161,789,189">
<area shape="rect" id="node14" href="inet.examples.ipv6.ipv6bulk.BulkTransfer6.html" title="Network BulkTransfer6" alt="" coords="63,6,164,34">
<area shape="rect" id="node16" href="inet.examples.ipv6.demonetworketh.DemoNetworkEth.html" title="Network DemoNetworkEth" alt="" coords="188,6,313,34">
<area shape="rect" id="node18" href="inet.examples.ipv6.nclients.NClientsEth.html" title="Network NClientsEth" alt="" coords="337,6,431,34">
<area shape="rect" id="node21" href="inet.examples.ipv6.nclients.NClientsPPP.html" title="Network NClientsPPP" alt="" coords="455,6,553,34">
