<area shape="rect" id="node1" href="inet.base.NotificationBoard.html" title="Simple Module NotificationBoard" alt="" coords="1697,83,1820,111">
<area shape="rect" id="node2" href="inet.nodes.inet.BurstHost.html" title="Compound Module BurstHost" alt="" coords="5,6,85,34">
<area shape="rect" id="node4" href="inet.nodes.inet.ExtRouter.html" title="Compound Module ExtRouter" alt="" coords="109,6,189,34">
<area shape="rect" id="node6" href="inet.nodes.mpls.LDP_LSR.html" title="Compound Module LDP_LSR" alt="" coords="213,6,293,34">
<area shape="rect" id="node8" href="inet.nodes.adhoc.MFMobileHost.html" title="Compound Module MFMobileHost" alt="" coords="317,6,424,34">
<area shape="rect" id="node10" href="inet.nodes.adhoc.MobileHost.html" title="Compound Module MobileHost" alt="" coords="448,6,536,34">
<area shape="rect" id="node12" href="inet.nodes.inet.OSPFRouter.html" title="Compound Module OSPFRouter" alt="" coords="560,6,656,34">
<area shape="rect" id="node14" href="inet.examples.adhoc.mobility.PlainMobilityHost.html" title="Compound Module PlainMobilityHost" alt="" coords="680,6,803,34">
<area shape="rect" id="node16" href="inet.nodes.inet.Router.html" title="Compound Module Router" alt="" coords="827,6,899,34">
<area shape="rect" id="node18" href="inet.nodes.ipv6.Router6.html" title="Compound Module Router6" alt="" coords="923,6,995,34">
<area shape="rect" id="node20" href="inet.nodes.mpls.RSVP_LSR.html" title="Compound Module RSVP_LSR" alt="" coords="1019,6,1109,34">
<area shape="rect" id="node22" href="inet.transport.rtp.RTPHost.html" title="Compound Module RTPHost" alt="" coords="1133,6,1211,34">
<area shape="rect" id="node24" href="inet.nodes.inet.StandardHost.html" title="Compound Module StandardHost" alt="" coords="1235,6,1336,34">
<area shape="rect" id="node26" href="inet.nodes.ipv6.StandardHost6.html" title="Compound Module StandardHost6" alt="" coords="1360,6,1469,34">
<area shape="rect" id="node28" href="inet.nodes.inet.StandardHostWithDLDuplicatesGenerator.html" title="Compound Module StandardHostWithDLDuplicatesGenerator" alt="" coords="1493,6,1757,34">
<area shape="rect" id="node30" href="inet.nodes.inet.StandardHostWithDLThruputMeter.html" title="Compound Module StandardHostWithDLThruputMeter" alt="" coords="1781,6,2003,34">
<area shape="rect" id="node32" href="inet.nodes.inet.StandardHostWithULDropsGenerator.html" title="Compound Module StandardHostWithULDropsGenerator" alt="" coords="2027,6,2264,34">
<area shape="rect" id="node34" href="inet.nodes.inet.StandardHostWithULThruputMeter.html" title="Compound Module StandardHostWithULThruputMeter" alt="" coords="2288,6,2509,34">
<area shape="rect" id="node36" href="inet.nodes.inet.TCPSpoofingHost.html" title="Compound Module TCPSpoofingHost" alt="" coords="2533,6,2661,34">
<area shape="rect" id="node38" href="inet.examples.wireless.throughput.ThroughputClient.html" title="Compound Module ThroughputClient" alt="" coords="2685,6,2805,34">
<area shape="rect" id="node41" href="inet.examples.wireless.hosttohost.ThroughputServer.html" title="Compound Module ThroughputServer" alt="" coords="2829,6,2955,34">
<area shape="rect" id="node43" href="inet.nodes.wireless.WirelessAP.html" title="Compound Module WirelessAP" alt="" coords="2979,6,3069,34">
<area shape="rect" id="node45" href="inet.nodes.wireless.WirelessAPSimplified.html" title="Compound Module WirelessAPSimplified" alt="" coords="3093,6,3240,34">
<area shape="rect" id="node47" href="inet.nodes.wireless.WirelessAPWithEth.html" title="Compound Module WirelessAPWithEth" alt="" coords="3264,6,3403,34">
<area shape="rect" id="node49" href="inet.nodes.wireless.WirelessAPWithEthSimplified.html" title="Compound Module WirelessAPWithEthSimplified" alt="" coords="3427,6,3621,34">
<area shape="rect" id="node51" href="inet.examples.wireless.throughput.WirelessAPWithSink.html" title="Compound Module WirelessAPWithSink" alt="" coords="3645,6,3789,34">
<area shape="rect" id="node53" href="inet.nodes.wireless.WirelessHost.html" title="Compound Module WirelessHost" alt="" coords="3813,6,3915,34">
<area shape="rect" id="node55" href="inet.nodes.wireless.WirelessHostSimplified.html" title="Compound Module WirelessHostSimplified" alt="" coords="3939,6,4096,34">
