<area shape="rect" id="node1" href="inet.examples.inet.redtest.REDTestDebug.html" title="Network REDTestDebug" alt="" coords="453,6,568,34">
<area shape="rect" id="node2" href="inet.util.TCPDump.html" title="Simple Module TCPDump" alt="" coords="5,83,88,111">
<area shape="rect" id="node4" href="inet.linklayer.ppp.ThruputMeter.html" title="Simple Module ThruputMeter" alt="" coords="112,83,211,111">
<area shape="rect" id="node6" href="ned.DatarateChannel.html" title="Channel DatarateChannel" alt="" coords="235,83,355,111">
<area shape="rect" id="node8" href="inet.world.ScenarioManager.html" title="Simple Module ScenarioManager" alt="" coords="379,83,501,111">
<area shape="rect" id="node10" href="inet.world.ChannelInstaller.html" title="Simple Module ChannelInstaller" alt="" coords="525,83,640,111">
<area shape="rect" id="node12" href="inet.networklayer.autorouting.FlatNetworkConfigurator.html" title="Simple Module FlatNetworkConfigurator" alt="" coords="664,83,827,111">
<area shape="rect" id="node14" href="inet.nodes.inet.Router.html" title="Compound Module Router" alt="" coords="851,83,923,111">
<area shape="rect" id="node16" href="inet.nodes.inet.StandardHost.html" title="Compound Module StandardHost" alt="" coords="947,83,1048,111">
