<area shape="rect" id="node1" href="inet.nodes.wireless.WirelessAPSimplified.html" title="Compound Module WirelessAPSimplified" alt="" coords="260,83,407,111">
<area shape="rect" id="node2" href="inet.linklayer.ieee80211.Ieee80211NicAPSimplified.html" title="Compound Module Ieee80211NicAPSimplified" alt="" coords="5,161,181,189">
<area shape="rect" id="node4" href="inet.base.NotificationBoard.html" title="Simple Module NotificationBoard" alt="" coords="205,161,328,189">
<area shape="rect" id="node6" href="ned.IdealChannel.html" title="Channel IdealChannel" alt="" coords="352,161,451,189">
<area shape="rect" id="node8" href="inet.mobility.NullMobility.html" title="Simple Module NullMobility" alt="" coords="475,161,565,189">
<area shape="rect" id="node10" href="inet.examples.wireless.lan80211.Lan80211.html" title="Network Lan80211" alt="" coords="243,6,320,34">
<area shape="rect" id="node12" href="inet.examples.wireless.hosttohost.Throughput.html" title="Network Throughput" alt="" coords="344,6,429,34">
