<area shape="rect" id="node1" href="inet.nodes.inet.StandardHost.html" title="Compound Module StandardHost" alt="" coords="1604,83,1705,111">
<area shape="rect" id="node2" href="inet.applications.sctpapp.SCTPApp.html" title="Module Interface SCTPApp" alt="" coords="599,161,679,189">
<area shape="rect" id="node4" href="inet.transport.udp.UDP.html" title="Simple Module UDP" alt="" coords="703,161,775,189">
<area shape="rect" id="node6" href="inet.linklayer.ext.ExtInterface.html" title="Simple Module ExtInterface" alt="" coords="799,161,892,189">
<area shape="rect" id="node8" href="inet.base.NotificationBoard.html" title="Simple Module NotificationBoard" alt="" coords="916,161,1039,189">
<area shape="rect" id="node10" href="inet.linklayer.ethernet.EthernetInterface.html" title="Compound Module EthernetInterface" alt="" coords="1063,161,1185,189">
<area shape="rect" id="node12" href="inet.networklayer.ipv4.RoutingTable.html" title="Simple Module RoutingTable" alt="" coords="1209,161,1308,189">
<area shape="rect" id="node14" href="inet.util.NAMTraceWriter.html" title="Simple Module NAMTraceWriter" alt="" coords="1332,161,1452,189">
<area shape="rect" id="node16" href="inet.networklayer.common.InterfaceTable.html" title="Simple Module InterfaceTable" alt="" coords="1476,161,1580,189">
<area shape="rect" id="node18" href="inet.nodes.inet.NetworkLayer.html" title="Compound Module NetworkLayer" alt="" coords="1604,161,1705,189">
<area shape="rect" id="node20" href="inet.util.TCPDump.html" title="Simple Module TCPDump" alt="" coords="1729,161,1812,189">
<area shape="rect" id="node22" href="inet.transport.sctp.SCTP.html" title="Simple Module SCTP" alt="" coords="1836,161,1908,189">
<area shape="rect" id="node24" href="inet.applications.pingapp.PingApp.html" title="Simple Module PingApp" alt="" coords="1932,161,2004,189">
<area shape="rect" id="node26" href="inet.linklayer.ppp.PPPInterface.html" title="Compound Module PPPInterface" alt="" coords="2028,161,2127,189">
<area shape="rect" id="node28" href="inet.applications.udpapp.UDPApp.html" title="Module Interface UDPApp" alt="" coords="2151,161,2225,189">
<area shape="rect" id="node30" href="inet.transport.tcp.ITCP.html" title="Module Interface ITCP" alt="" coords="2249,161,2321,189">
<area shape="rect" id="node32" href="ned.IdealChannel.html" title="Channel IdealChannel" alt="" coords="2345,161,2444,189">
<area shape="rect" id="node34" href="inet.applications.tcpapp.TCPApp.html" title="Module Interface TCPApp" alt="" coords="2468,161,2540,189">
<area shape="rect" id="node36" href="inet.examples.ethernet.arptest2.ARPTest.html" title="Network ARPTest" alt="" coords="5,6,80,34">
<area shape="rect" id="node39" href="inet.examples.ospfv2.backbone.Backbone.html" title="Network Backbone" alt="" coords="104,6,184,34">
<area shape="rect" id="node41" href="inet.examples.inet.ber.ber.html" title="Network ber" alt="" coords="208,6,280,34">
<area shape="rect" id="node43" href="inet.examples.inet.bulktransfer.BulkTransfer.html" title="Network BulkTransfer" alt="" coords="304,6,400,34">
<area shape="rect" id="node45" href="inet.examples.inet.tcpclientserver.ClientServer.html" title="Network ClientServer" alt="" coords="424,6,517,34">
<area shape="rect" id="node47" href="inet.examples.emulation.extclient.ExtClient.html" title="Network ExtClient" alt="" coords="541,6,616,34">
<area shape="rect" id="node49" href="inet.examples.emulation.extserver.extserver.html" title="Network extserver" alt="" coords="640,6,715,34">
<area shape="rect" id="node51" href="inet.examples.inet.flatnet.FlatNet.html" title="Network FlatNet" alt="" coords="739,6,811,34">
<area shape="rect" id="node53" href="inet.examples.inet.kidsnw1.KIDSNw1.html" title="Network KIDSNw1" alt="" coords="835,6,915,34">
<area shape="rect" id="node55" href="inet.examples.mpls.ldp.LDPTEST.html" title="Network LDPTEST" alt="" coords="939,6,1021,34">
<area shape="rect" id="node57" href="inet.examples.sctp.multihomed.multi.html" title="Network multi" alt="" coords="1045,6,1117,34">
<area shape="rect" id="node59" href="inet.examples.inet.multicast.MulticastNetwork.html" title="Network MulticastNetwork" alt="" coords="1141,6,1264,34">
<area shape="rect" id="node61" href="inet.examples.sctp.nclients.NClients.html" title="Network NClients" alt="" coords="1288,6,1360,34">
<area shape="rect" id="node64" href="inet.examples.inet.nclients.NClients2.html" title="Network NClients2" alt="" coords="1384,6,1464,34">
<area shape="rect" id="node66" href="inet.examples.ospfv2.areas.OneNetArea.html" title="Compound Module OneNetArea" alt="" coords="1488,6,1581,34">
<area shape="rect" id="node68" href="inet.examples.ospfv2.fulltest.OSPF_Area1.html" title="Compound Module OSPF_Area1" alt="" coords="1605,6,1704,34">
<area shape="rect" id="node70" href="inet.examples.ospfv2.fulltest.OSPF_Area2.html" title="Compound Module OSPF_Area2" alt="" coords="1728,6,1827,34">
<area shape="rect" id="node72" href="inet.examples.ospfv2.fulltest.OSPF_Area3.html" title="Compound Module OSPF_Area3" alt="" coords="1851,6,1949,34">
<area shape="rect" id="node74" href="inet.examples.ospfv2.fulltest.OSPF_TestNetwork.html" title="Network OSPF_TestNetwork" alt="" coords="1973,6,2112,34">
<area shape="rect" id="node76" href="inet.examples.mpls.net37.R37.html" title="Network R37" alt="" coords="2136,6,2208,34">
<area shape="rect" id="node78" href="inet.examples.inet.redtest.REDTest.html" title="Network REDTest" alt="" coords="2232,6,2309,34">
<area shape="rect" id="node80" href="inet.examples.inet.redtest.REDTestDebug.html" title="Network REDTestDebug" alt="" coords="2333,6,2448,34">
<area shape="rect" id="node82" href="inet.examples.inet.redtest.REDTestTh.html" title="Network REDTestTh" alt="" coords="2472,6,2563,34">
<area shape="rect" id="node84" href="inet.examples.mpls.testte_tunnel.RSVPTE4.html" title="Network RSVPTE4" alt="" coords="2587,6,2669,34">
<area shape="rect" id="node90" href="inet.examples.ospfv2.simpletest.SimpleTest.html" title="Network SimpleTest" alt="" coords="2693,6,2781,34">
<area shape="rect" id="node92" href="inet.examples.inet.tcptimestamps.tcptimestamps.html" title="Network tcptimestamps" alt="" coords="2805,6,2912,34">
<area shape="rect" id="node94" href="inet.examples.inet.tcpwindowscale.tcpwindowscale.html" title="Network tcpwindowscale" alt="" coords="2936,6,3051,34">
<area shape="rect" id="node96" href="inet.examples.emulation.traceroute.Traceroute.html" title="Network Traceroute" alt="" coords="3075,6,3157,34">
<area shape="rect" id="node98" href="inet.examples.ospfv2.areas.TwoNetsArea.html" title="Compound Module TwoNetsArea" alt="" coords="3181,6,3283,34">
