<area shape="rect" id="node1" href="inet.transport.udp.UDP.html" title="Simple Module UDP" alt="" coords="703,83,775,111">
<area shape="rect" id="node2" href="inet.nodes.mpls.LDP_LSR.html" title="Compound Module LDP_LSR" alt="" coords="5,6,85,34">
<area shape="rect" id="node4" href="inet.nodes.adhoc.MFMobileHost.html" title="Compound Module MFMobileHost" alt="" coords="109,6,216,34">
<area shape="rect" id="node6" href="inet.nodes.adhoc.MobileHost.html" title="Compound Module MobileHost" alt="" coords="240,6,328,34">
<area shape="rect" id="node8" href="inet.transport.rtp.RTPHost.html" title="Compound Module RTPHost" alt="" coords="352,6,429,34">
<area shape="rect" id="node10" href="inet.nodes.inet.StandardHost.html" title="Compound Module StandardHost" alt="" coords="453,6,555,34">
<area shape="rect" id="node12" href="inet.nodes.ipv6.StandardHost6.html" title="Compound Module StandardHost6" alt="" coords="579,6,688,34">
<area shape="rect" id="node14" href="inet.nodes.inet.StandardHostWithDLDuplicatesGenerator.html" title="Compound Module StandardHostWithDLDuplicatesGenerator" alt="" coords="712,6,976,34">
<area shape="rect" id="node16" href="inet.nodes.inet.StandardHostWithDLThruputMeter.html" title="Compound Module StandardHostWithDLThruputMeter" alt="" coords="1000,6,1221,34">
<area shape="rect" id="node18" href="inet.nodes.inet.StandardHostWithULDropsGenerator.html" title="Compound Module StandardHostWithULDropsGenerator" alt="" coords="1245,6,1483,34">
<area shape="rect" id="node20" href="inet.nodes.inet.StandardHostWithULThruputMeter.html" title="Compound Module StandardHostWithULThruputMeter" alt="" coords="1507,6,1728,34">
<area shape="rect" id="node22" href="inet.nodes.wireless.WirelessHost.html" title="Compound Module WirelessHost" alt="" coords="1752,6,1853,34">
<area shape="rect" id="node24" href="inet.nodes.wireless.WirelessHostSimplified.html" title="Compound Module WirelessHostSimplified" alt="" coords="1877,6,2035,34">
