<area shape="rect" id="node1" href="ned.IdealChannel.html" title="Channel IdealChannel" alt="" coords="3787,83,3885,111">
<area shape="rect" id="node2" href="inet.examples.ethernet.arptest2.ARPTest.html" title="Network ARPTest" alt="" coords="5,6,80,34">
<area shape="rect" id="node5" href="inet.nodes.inet.BurstHost.html" title="Compound Module BurstHost" alt="" coords="104,6,184,34">
<area shape="rect" id="node7" href="inet.examples.ethernet.lans.BusLAN.html" title="Network BusLAN" alt="" coords="208,6,280,34">
<area shape="rect" id="node9" href="inet.nodes.ethernet.EtherHost.html" title="Compound Module EtherHost" alt="" coords="304,6,384,34">
<area shape="rect" id="node11" href="inet.nodes.ethernet.EtherHost2.html" title="Compound Module EtherHost2" alt="" coords="408,6,496,34">
<area shape="rect" id="node13" href="inet.linklayer.ethernet.EthernetInterface.html" title="Compound Module EthernetInterface" alt="" coords="520,6,643,34">
<area shape="rect" id="node15" href="inet.linklayer.ethernet.EthernetInterface2.html" title="Compound Module EthernetInterface2" alt="" coords="667,6,795,34">
<area shape="rect" id="node17" href="inet.linklayer.ethernet.EthernetInterfaceNoQueue.html" title="Compound Module EthernetInterfaceNoQueue" alt="" coords="819,6,995,34">
<area shape="rect" id="node19" href="inet.linklayer.ieee80211.Ieee80211Nic.html" title="Compound Module Ieee80211Nic" alt="" coords="1019,6,1120,34">
<area shape="rect" id="node21" href="inet.linklayer.ieee80211.Ieee80211NicAdhoc.html" title="Compound Module Ieee80211NicAdhoc" alt="" coords="1144,6,1283,34">
<area shape="rect" id="node23" href="inet.linklayer.ieee80211.Ieee80211NicAP.html" title="Compound Module Ieee80211NicAP" alt="" coords="1307,6,1427,34">
<area shape="rect" id="node25" href="inet.linklayer.ieee80211.Ieee80211NicAPSimplified.html" title="Compound Module Ieee80211NicAPSimplified" alt="" coords="1451,6,1627,34">
<area shape="rect" id="node27" href="inet.linklayer.ieee80211.Ieee80211NicSTA.html" title="Compound Module Ieee80211NicSTA" alt="" coords="1651,6,1779,34">
<area shape="rect" id="node29" href="inet.linklayer.ieee80211.Ieee80211NicSTASimplified.html" title="Compound Module Ieee80211NicSTASimplified" alt="" coords="1803,6,1987,34">
<area shape="rect" id="node31" href="inet.examples.ethernet.lans.LargeLAN.html" title="Compound Module LargeLAN" alt="" coords="2011,6,2091,34">
<area shape="rect" id="node33" href="inet.nodes.mpls.LDP_LSR.html" title="Compound Module LDP_LSR" alt="" coords="2115,6,2195,34">
<area shape="rect" id="node35" href="inet.examples.ethernet.lans.MediumLAN.html" title="Compound Module MediumLAN" alt="" coords="2219,6,2312,34">
<area shape="rect" id="node37" href="inet.nodes.adhoc.MFMobileHost.html" title="Compound Module MFMobileHost" alt="" coords="2336,6,2443,34">
<area shape="rect" id="node39" href="inet.examples.ethernet.lans.MixedLAN.html" title="Network MixedLAN" alt="" coords="2467,6,2549,34">
<area shape="rect" id="node41" href="inet.nodes.adhoc.MobileHost.html" title="Compound Module MobileHost" alt="" coords="2573,6,2661,34">
<area shape="rect" id="node43" href="inet.nodes.inet.NetworkLayer.html" title="Compound Module NetworkLayer" alt="" coords="2685,6,2787,34">
<area shape="rect" id="node45" href="inet.nodes.ipv6.NetworkLayer6.html" title="Compound Module NetworkLayer6" alt="" coords="2811,6,2920,34">
<area shape="rect" id="node47" href="inet.linklayer.mf80211.Nic80211.html" title="Compound Module Nic80211" alt="" coords="2944,6,3021,34">
<area shape="rect" id="node49" href="inet.linklayer.mf80211.NicCsma.html" title="Compound Module NicCsma" alt="" coords="3045,6,3123,34">
<area shape="rect" id="node51" href="inet.base.Nop.html" title="Compound Module Nop" alt="" coords="3147,6,3219,34">
<area shape="rect" id="node53" href="inet.examples.ospfv2.areas.OneNetArea.html" title="Compound Module OneNetArea" alt="" coords="3243,6,3336,34">
<area shape="rect" id="node55" href="inet.examples.ospfv2.fulltest.OSPF_Area1.html" title="Compound Module OSPF_Area1" alt="" coords="3360,6,3459,34">
<area shape="rect" id="node57" href="inet.examples.ospfv2.fulltest.OSPF_Area2.html" title="Compound Module OSPF_Area2" alt="" coords="3483,6,3581,34">
<area shape="rect" id="node59" href="inet.examples.ospfv2.fulltest.OSPF_Area3.html" title="Compound Module OSPF_Area3" alt="" coords="3605,6,3704,34">
<area shape="rect" id="node61" href="inet.nodes.inet.OSPFRouter.html" title="Compound Module OSPFRouter" alt="" coords="3728,6,3824,34">
<area shape="rect" id="node63" href="inet.linklayer.ppp.PPPInterface.html" title="Compound Module PPPInterface" alt="" coords="3848,6,3947,34">
<area shape="rect" id="node65" href="inet.linklayer.ppp.PPPInterfaceNoQueue.html" title="Compound Module PPPInterfaceNoQueue" alt="" coords="3971,6,4125,34">
<area shape="rect" id="node67" href="inet.linklayer.ppp.PPPInterfaceWithDLDuplicatesGenerator.html" title="Compound Module PPPInterfaceWithDLDuplicatesGenerator" alt="" coords="4149,6,4411,34">
<area shape="rect" id="node69" href="inet.linklayer.ppp.PPPInterfaceWithDLThruputMeter.html" title="Compound Module PPPInterfaceWithDLThruputMeter" alt="" coords="4435,6,4656,34">
<area shape="rect" id="node71" href="inet.linklayer.ppp.PPPInterfaceWithULDropsGenerator.html" title="Compound Module PPPInterfaceWithULDropsGenerator" alt="" coords="4680,6,4915,34">
<area shape="rect" id="node73" href="inet.linklayer.ppp.PPPInterfaceWithULThruputMeter.html" title="Compound Module PPPInterfaceWithULThruputMeter" alt="" coords="4939,6,5160,34">
<area shape="rect" id="node75" href="inet.examples.inet.redtest.REDTestTh.html" title="Network REDTestTh" alt="" coords="5184,6,5275,34">
<area shape="rect" id="node77" href="inet.nodes.mpls.RSVP_LSR.html" title="Compound Module RSVP_LSR" alt="" coords="5299,6,5389,34">
<area shape="rect" id="node79" href="inet.transport.rtp.RTPHost.html" title="Compound Module RTPHost" alt="" coords="5413,6,5491,34">
<area shape="rect" id="node81" href="inet.transport.rtp.RTPLayer.html" title="Compound Module RTPLayer" alt="" coords="5515,6,5595,34">
<area shape="rect" id="node83" href="inet.examples.ethernet.lans.SmallLAN.html" title="Compound Module SmallLAN" alt="" coords="5619,6,5699,34">
<area shape="rect" id="node85" href="inet.linklayer.mf80211.SnrNic.html" title="Compound Module SnrNic" alt="" coords="5723,6,5795,34">
<area shape="rect" id="node87" href="inet.nodes.inet.StandardHost.html" title="Compound Module StandardHost" alt="" coords="5819,6,5920,34">
<area shape="rect" id="node89" href="inet.nodes.ipv6.StandardHost6.html" title="Compound Module StandardHost6" alt="" coords="5944,6,6053,34">
<area shape="rect" id="node91" href="inet.nodes.inet.StandardHostWithDLDuplicatesGenerator.html" title="Compound Module StandardHostWithDLDuplicatesGenerator" alt="" coords="6077,6,6341,34">
<area shape="rect" id="node93" href="inet.nodes.inet.StandardHostWithDLThruputMeter.html" title="Compound Module StandardHostWithDLThruputMeter" alt="" coords="6365,6,6587,34">
<area shape="rect" id="node95" href="inet.nodes.inet.StandardHostWithULDropsGenerator.html" title="Compound Module StandardHostWithULDropsGenerator" alt="" coords="6611,6,6848,34">
<area shape="rect" id="node97" href="inet.nodes.inet.StandardHostWithULThruputMeter.html" title="Compound Module StandardHostWithULThruputMeter" alt="" coords="6872,6,7093,34">
<area shape="rect" id="node99" href="inet.nodes.inet.TCPSpoofingHost.html" title="Compound Module TCPSpoofingHost" alt="" coords="7117,6,7245,34">
<area shape="rect" id="node101" href="inet.examples.wireless.throughput.ThroughputClient.html" title="Compound Module ThroughputClient" alt="" coords="7269,6,7389,34">
<area shape="rect" id="node104" href="inet.examples.wireless.hosttohost.ThroughputServer.html" title="Compound Module ThroughputServer" alt="" coords="7413,6,7539,34">
<area shape="rect" id="node106" href="inet.examples.emulation.traceroute.Traceroute.html" title="Network Traceroute" alt="" coords="7563,6,7645,34">
<area shape="rect" id="node108" href="inet.examples.ospfv2.areas.TwoNetsArea.html" title="Compound Module TwoNetsArea" alt="" coords="7669,6,7771,34">
<area shape="rect" id="node110" href="inet.nodes.wireless.WirelessAP.html" title="Compound Module WirelessAP" alt="" coords="7795,6,7885,34">
<area shape="rect" id="node112" href="inet.nodes.wireless.WirelessAPSimplified.html" title="Compound Module WirelessAPSimplified" alt="" coords="7909,6,8056,34">
<area shape="rect" id="node114" href="inet.nodes.wireless.WirelessAPWithEth.html" title="Compound Module WirelessAPWithEth" alt="" coords="8080,6,8219,34">
<area shape="rect" id="node116" href="inet.nodes.wireless.WirelessAPWithEthSimplified.html" title="Compound Module WirelessAPWithEthSimplified" alt="" coords="8243,6,8437,34">
<area shape="rect" id="node118" href="inet.examples.wireless.throughput.WirelessAPWithSink.html" title="Compound Module WirelessAPWithSink" alt="" coords="8461,6,8605,34">
<area shape="rect" id="node120" href="inet.nodes.wireless.WirelessHost.html" title="Compound Module WirelessHost" alt="" coords="8629,6,8731,34">
<area shape="rect" id="node122" href="inet.nodes.wireless.WirelessHostSimplified.html" title="Compound Module WirelessHostSimplified" alt="" coords="8755,6,8912,34">
