<area shape="rect" id="node1" href="SCTPCommand.html" title="Class SCTPCommand" alt="" coords="560,6,677,34">
<area shape="rect" id="node2" href="SCTPConnectInfo.html" title="Class SCTPConnectInfo" alt="" coords="5,83,133,111">
<area shape="rect" id="node4" href="SCTPErrorInfo.html" title="Class SCTPErrorInfo" alt="" coords="157,83,264,111">
<area shape="rect" id="node6" href="SCTPInfo.html" title="Class SCTPInfo" alt="" coords="288,83,368,111">
<area shape="rect" id="node8" href="SCTPOpenCommand.html" title="Class SCTPOpenCommand" alt="" coords="392,83,541,111">
<area shape="rect" id="node10" href="SCTPPathInfo.html" title="Class SCTPPathInfo" alt="" coords="565,83,672,111">
<area shape="rect" id="node12" href="SCTPRcvCommand.html" title="Class SCTPRcvCommand" alt="" coords="696,83,837,111">
<area shape="rect" id="node14" href="SCTPResetInfo.html" title="Class SCTPResetInfo" alt="" coords="861,83,976,111">
<area shape="rect" id="node16" href="SCTPSendCommand.html" title="Class SCTPSendCommand" alt="" coords="1000,83,1147,111">
<area shape="rect" id="node18" href="SCTPStatusInfo.html" title="Class SCTPStatusInfo" alt="" coords="1171,83,1288,111">
